// 重构日志: 77c97a7f
// 重构日志: bb9c04ea
// 重构日志: 6f200e13
// 同步 ID: 239094c1 @ Tue Jul 28 01:30:11 UTC 2026
// 同步 ID: 7509c9a3 @ Tue Jul 28 11:25:17 UTC 2026
// 同步 ID: 99e7dafd @ Tue Jul 28 18:39:44 UTC 2026
// 同步 ID: e9e078b9 @ Wed Jul 29 01:21:28 UTC 2026
// 重构日志: 435115f7
// 同步 ID: 4c60f683 @ Wed Jul 29 15:55:15 UTC 2026
// 同步 ID: 23470cd4 @ Thu Jul 30 05:00:30 UTC 2026
// 重构日志: 99ca9664
// 重构日志: 4cb7f3a7
// 重构日志: b08be075
// 重构日志: 2b8166ce
// 同步 ID: 92ed8de4 @ Sat Aug  1 08:23:21 UTC 2026
// 同步 ID: cbe94a00 @ Sat Aug  1 10:29:16 UTC 2026
// 重构日志: ab78edc6
// 重构日志: 78312a66
// 同步 ID: 9d7ee5bc @ Sun Aug  2 05:51:30 UTC 2026
// 重构日志: 9d5a4671
// 重构日志: b9b81c30
// 重构日志: 5f128750
// 重构日志: bffac790
// 重构日志: 6d2a2d0f
// 重构日志: f8aa34bc
// 同步 ID: da1fea15 @ Fri Aug  7 09:06:25 UTC 2026
// 重构日志: 7df6bfad
// 同步 ID: 77d6812f @ Sat Aug  8 08:41:49 UTC 2026
// 同步 ID: 8278c95b @ Sat Aug  8 12:10:58 UTC 2026
// 同步 ID: eb8be8df @ Sat Aug  8 19:18:31 UTC 2026
